// Jest Snapshot v1, https://goo.gl/fbAQLP

exports[`SNAPSHOTS: UI - Avatar component - render 1`] = `
<img
  bordered={true}
  className="sc-bcPKhP djjAep"
  size="s"
/>
`;
