// Jest Snapshot v1, https://goo.gl/fbAQLP

exports[`SNAPSHOTS: UI - DropDown component - render 1`] = `
<div
  className="sc-bcPKhP bivSfu"
  id="DropDown"
  onClick={[Function]}
>
  <div>
    Hellow
  </div>
  <div>
    Hi
  </div>
</div>
`;
