// Jest Snapshot v1, https://goo.gl/fbAQLP

exports[`SNAPSHOTS: UI - Select component - render 1`] = `
<select
  className="sc-bcPKhP ffGrLR"
  defaultValue="test"
  disabled={false}
  onChange={[Function]}
  onClick={[Function]}
  onlyView={false}
>
  <option
    className="sc-grXZZQ cBhrEl"
    value="test"
  >
    test
  </option>
  <option
    className="sc-grXZZQ cBhrEl"
    value="test1"
  >
    test1
  </option>
  <option
    className="sc-grXZZQ cBhrEl"
    value="test2"
  >
    test2
  </option>
</select>
`;
