// Jest Snapshot v1, https://goo.gl/fbAQLP

exports[`SNAPSHOTS: UI - Link component - render 1`] = `
<a>
  linka
</a>
`;
